<?xml version="1.0" encoding="UTF-8"?>
<testsuites name="jest tests" tests="4" failures="0" errors="0" time="2.532">
  <testsuite name="Friendship API" errors="0" failures="0" skipped="0" timestamp="2025-11-13T06:24:52" time="2.477" tests="4">
    <testcase classname="Friendship API Send a friend request" name="Friendship API Send a friend request" time="0.02">
    </testcase>
    <testcase classname="Friendship API Accept a friend request" name="Friendship API Accept a friend request" time="0.022">
    </testcase>
    <testcase classname="Friendship API List friends of user A" name="Friendship API List friends of user A" time="0.02">
    </testcase>
    <testcase classname="Friendship API Remove a friend" name="Friendship API Remove a friend" time="0.016">
    </testcase>
  </testsuite>
</testsuites>